
R version 3.6.2 (2019-12-12) -- "Dark and Stormy Night"
Copyright (C) 2019 The R Foundation for Statistical Computing
Platform: x86_64-conda_cos6-linux-gnu (64-bit)

R is free software and comes with ABSOLUTELY NO WARRANTY.
You are welcome to redistribute it under certain conditions.
Type 'license()' or 'licence()' for distribution details.

  Natural language support but running in an English locale

R is a collaborative project with many contributors.
Type 'contributors()' for more information and
'citation()' on how to cite R or R packages in publications.

Type 'demo()' for some demos, 'help()' for on-line help, or
'help.start()' for an HTML browser interface to help.
Type 'q()' to quit R.

> library(testthat)
> context("Download FASTQ sequences from NCBI SRA database")
> 
> root <- "/gpfs_fs/vahmp/users/Fettweis/Atopobium_NTA/Wright_Collaboration/r_package/fastq2otu/"
> 
> source(paste0(root, "R/readConfig.R"))
> source(paste0(root, "R/setup.R"))
> source(paste0(root, "R/getSeqs.R"))
> 
> 
> paired_config <- paste0(root, "inst/examples/paired/paired-example_config.yml")
> paired_options <- yaml::yaml.load_file(paired_config)
> 
> # TODO: Add single-end tests
> 
> # TODO: SRA-Explorer website is down (08/30/31) 
> #test_that("Use wget to install paired-end data files", {
> #  object <- readConfig(paired_config, type = "seqdump")
> #  fp <- getSeqs(object)
> #  expect_true(fp == paired_options$pathToData)
> #})	
> 
> test_that("Use fastq-dump to install paired-end data files", {
+   object <- readConfig(paired_config, type = c("seqdump")) # TODO: Fix if-else statements so when invalid type combinations are provided a clear(er) error message is given
+   fp <- getSeqs(object)
+   expect_true(fp == paired_options$pathToData)
+ })
Error: Test failed: 'Use fastq-dump to install paired-end data files'
* Invalid input for pathToSampleURLspath/to/urls.txt could not be found.
Backtrace:
 1. global::getSeqs(object)
Execution halted
